// Jest Snapshot v1, https://goo.gl/fbAQLP

exports[`<ProfileModalContainer /> Render <ProfileModalContainer /> Find DrawingSubContainer 1`] = `ShallowWrapper {}`;

exports[`Render <DrawingSubContainer /> Find ParentDashboard 1`] = `ShallowWrapper {}`;

exports[`Render <DrawingSubContainer /> Find drawingSubContainer 1`] = `ShallowWrapper {}`;
