// Jest Snapshot v1, https://goo.gl/fbAQLP

exports[`<ProfileModalContainer /> Render <ProfileModalContainer /> Find HelpContainer 1`] = `ShallowWrapper {}`;
