// Jest Snapshot v1, https://goo.gl/fbAQLP

exports[`<MissionControlContainer /> Render <MissionControlContainer /> MissionControlContainer 1`] = `ShallowWrapper {}`;
