// Jest Snapshot v1, https://goo.gl/fbAQLP

exports[`<ParentDashboardContainer /> Render <ParentDashboardContainer /> Find ParentDashboardContainer 1`] = `ShallowWrapper {}`;
