// Jest Snapshot v1, https://goo.gl/fbAQLP

exports[`<ProfileModalContainer /> Render <ProfileModalContainer /> Find ProfileModalContainer 1`] = `ShallowWrapper {}`;
