// Jest Snapshot v1, https://goo.gl/fbAQLP

exports[`<ProfileModalContainer /> Render <ProfileModalContainer /> Find StoryPromptContainer 1`] = `ShallowWrapper {}`;
